Archive member included to satisfy reference by file (symbol)

c:/program files (x86)/gnu tools arm embedded/5.4 2016q3/bin/../lib/gcc/arm-none-eabi/5.4.1/armv6-m\libgcc.a(_udivsi3.o)
                              ..\obj\stm32f0xx_rcc.o (__aeabi_uidiv)
c:/program files (x86)/gnu tools arm embedded/5.4 2016q3/bin/../lib/gcc/arm-none-eabi/5.4.1/armv6-m\libgcc.a(_divsi3.o)
                              ..\obj\utility.o (__aeabi_idiv)
c:/program files (x86)/gnu tools arm embedded/5.4 2016q3/bin/../lib/gcc/arm-none-eabi/5.4.1/armv6-m\libgcc.a(_dvmd_tls.o)
                              c:/program files (x86)/gnu tools arm embedded/5.4 2016q3/bin/../lib/gcc/arm-none-eabi/5.4.1/armv6-m\libgcc.a(_udivsi3.o) (__aeabi_idiv0)
c:/program files (x86)/gnu tools arm embedded/5.4 2016q3/bin/../lib/gcc/arm-none-eabi/5.4.1/armv6-m\libgcc.a(_arm_cmpsf2.o)
                              ..\obj\utility.o (__aeabi_fcmplt)
c:/program files (x86)/gnu tools arm embedded/5.4 2016q3/bin/../lib/gcc/arm-none-eabi/5.4.1/armv6-m\libgcc.a(_fixunssfsi.o)
                              ..\obj\calc.o (__aeabi_f2uiz)
c:/program files (x86)/gnu tools arm embedded/5.4 2016q3/bin/../lib/gcc/arm-none-eabi/5.4.1/armv6-m\libgcc.a(divsf3.o)
                              ..\obj\calc.o (__aeabi_fdiv)
c:/program files (x86)/gnu tools arm embedded/5.4 2016q3/bin/../lib/gcc/arm-none-eabi/5.4.1/armv6-m\libgcc.a(eqsf2.o)
                              c:/program files (x86)/gnu tools arm embedded/5.4 2016q3/bin/../lib/gcc/arm-none-eabi/5.4.1/armv6-m\libgcc.a(_arm_cmpsf2.o) (__eqsf2)
c:/program files (x86)/gnu tools arm embedded/5.4 2016q3/bin/../lib/gcc/arm-none-eabi/5.4.1/armv6-m\libgcc.a(gesf2.o)
                              c:/program files (x86)/gnu tools arm embedded/5.4 2016q3/bin/../lib/gcc/arm-none-eabi/5.4.1/armv6-m\libgcc.a(_arm_cmpsf2.o) (__gesf2)
c:/program files (x86)/gnu tools arm embedded/5.4 2016q3/bin/../lib/gcc/arm-none-eabi/5.4.1/armv6-m\libgcc.a(lesf2.o)
                              c:/program files (x86)/gnu tools arm embedded/5.4 2016q3/bin/../lib/gcc/arm-none-eabi/5.4.1/armv6-m\libgcc.a(_arm_cmpsf2.o) (__lesf2)
c:/program files (x86)/gnu tools arm embedded/5.4 2016q3/bin/../lib/gcc/arm-none-eabi/5.4.1/armv6-m\libgcc.a(mulsf3.o)
                              ..\obj\utility.o (__aeabi_fmul)
c:/program files (x86)/gnu tools arm embedded/5.4 2016q3/bin/../lib/gcc/arm-none-eabi/5.4.1/armv6-m\libgcc.a(subsf3.o)
                              ..\obj\utility.o (__aeabi_fsub)
c:/program files (x86)/gnu tools arm embedded/5.4 2016q3/bin/../lib/gcc/arm-none-eabi/5.4.1/armv6-m\libgcc.a(fixsfsi.o)
                              ..\obj\utility.o (__aeabi_f2iz)
c:/program files (x86)/gnu tools arm embedded/5.4 2016q3/bin/../lib/gcc/arm-none-eabi/5.4.1/armv6-m\libgcc.a(floatsisf.o)
                              ..\obj\calc.o (__aeabi_i2f)
c:/program files (x86)/gnu tools arm embedded/5.4 2016q3/bin/../lib/gcc/arm-none-eabi/5.4.1/armv6-m\libgcc.a(truncdfsf2.o)
                              ..\obj\utility.o (__aeabi_d2f)
c:/program files (x86)/gnu tools arm embedded/5.4 2016q3/bin/../lib/gcc/arm-none-eabi/5.4.1/armv6-m\libgcc.a(_clzsi2.o)
                              c:/program files (x86)/gnu tools arm embedded/5.4 2016q3/bin/../lib/gcc/arm-none-eabi/5.4.1/armv6-m\libgcc.a(divsf3.o) (__clzsi2)
c:/program files (x86)/gnu tools arm embedded/5.4 2016q3/bin/../lib/gcc/arm-none-eabi/5.4.1/../../../../arm-none-eabi/lib/armv6-m\libg.a(lib_a-atof.o)
                              ..\obj\utility.o (atof)
c:/program files (x86)/gnu tools arm embedded/5.4 2016q3/bin/../lib/gcc/arm-none-eabi/5.4.1/../../../../arm-none-eabi/lib/armv6-m\libg.a(lib_a-atoi.o)
                              ..\obj\utility.o (atoi)
c:/program files (x86)/gnu tools arm embedded/5.4 2016q3/bin/../lib/gcc/arm-none-eabi/5.4.1/../../../../arm-none-eabi/lib/armv6-m\libg.a(lib_a-memcpy-stub.o)
                              ..\obj\hd44780.o (memcpy)
c:/program files (x86)/gnu tools arm embedded/5.4 2016q3/bin/../lib/gcc/arm-none-eabi/5.4.1/../../../../arm-none-eabi/lib/armv6-m\libg.a(lib_a-memset.o)
                              ..\obj\utility.o (memset)
c:/program files (x86)/gnu tools arm embedded/5.4 2016q3/bin/../lib/gcc/arm-none-eabi/5.4.1/../../../../arm-none-eabi/lib/armv6-m\libg.a(lib_a-strtod.o)
                              c:/program files (x86)/gnu tools arm embedded/5.4 2016q3/bin/../lib/gcc/arm-none-eabi/5.4.1/../../../../arm-none-eabi/lib/armv6-m\libg.a(lib_a-atof.o) (strtod)
c:/program files (x86)/gnu tools arm embedded/5.4 2016q3/bin/../lib/gcc/arm-none-eabi/5.4.1/../../../../arm-none-eabi/lib/armv6-m\libg.a(lib_a-strtol.o)
                              c:/program files (x86)/gnu tools arm embedded/5.4 2016q3/bin/../lib/gcc/arm-none-eabi/5.4.1/../../../../arm-none-eabi/lib/armv6-m\libg.a(lib_a-atoi.o) (_strtol_r)
c:/program files (x86)/gnu tools arm embedded/5.4 2016q3/bin/../lib/gcc/arm-none-eabi/5.4.1/../../../../arm-none-eabi/lib/armv6-m\libg.a(lib_a-gdtoa-gethex.o)
[...]
Memory Configuration

Name             Origin             Length             Attributes
rom              0x08000000         0x00010000         xr
ram              0x20000000         0x00002000         xrw
*default*        0x00000000         0xffffffff

Linker script and memory map

                0x20002000                _eram = 0x20002000

.text           0x08000000     0x20d8
 *(.isr_vector)
 .isr_vector    0x08000000       0xc4 ..\obj\startup_stm32f0xx.o
                0x08000000                g_pfnVectors
 *(.text*)
 .text.RCC_AHBPeriphClockCmd
                0x080000c4       0x40 ..\obj\stm32f0xx_rcc.o
                0x080000c4                RCC_AHBPeriphClockCmd
 .text.RCC_APB2PeriphClockCmd
                0x08000104       0x40 ..\obj\stm32f0xx_rcc.o
                0x08000104                RCC_APB2PeriphClockCmd
 .text.RCC_APB1PeriphClockCmd
                0x08000144       0x40 ..\obj\stm32f0xx_rcc.o
                0x08000144                RCC_APB1PeriphClockCmd
 .text.TIM2_Init
                0x08000184       0x8c ..\obj\timer.o
                0x08000184                TIM2_Init
 .text.Tim17_pwm_init
                0x08000210       0xec ..\obj\timer.o
                0x08000210                Tim17_pwm_init
 .text.setBrightness
                0x080002fc       0x44 ..\obj\timer.o
                0x080002fc                setBrightness
 .text.getLcdBrightness
                0x08000340       0x14 ..\obj\timer.o
                0x08000340                getLcdBrightness
 .text.setLcdBrightness
                0x08000354       0x2c ..\obj\timer.o
                0x08000354                setLcdBrightness
 .text.delay_us
                0x08000380       0x28 ..\obj\utility.o
                0x08000380                delay_us
 .text.delay_ms
                0x080003a8       0x28 ..\obj\utility.o
                0x080003a8                delay_ms
 .text.main     0x080003d0       0x1c ..\obj\main.o
                0x080003d0                main
 .text.TIM2_IRQHandler
                0x080003ec       0x2c ..\obj\main.o
                0x080003ec                TIM2_IRQHandler
 .text.Reset_Handler
                0x08000418       0x4c ..\obj\startup_stm32f0xx.o
                0x08000418                Reset_Handler
 .text.Default_Handler
                0x08000464        0x2 ..\obj\startup_stm32f0xx.o
                0x08000464                TIM1_CC_IRQHandler
                0x08000464                HardFault_Handler
                0x08000464                ADC1_COMP_IRQHandler
                0x08000464                SysTick_Handler
                0x08000464                PVD_IRQHandler
                0x08000464                PendSV_Handler
                0x08000464                NMI_Handler
                0x08000464                I2C1_IRQHandler
                0x08000464                SPI1_IRQHandler
                0x08000464                TIM6_DAC_IRQHandler
                0x08000464                EXTI2_3_IRQHandler
                0x08000464                I2C2_IRQHandler
                0x08000464                TIM17_IRQHandler
                0x08000464                RTC_IRQHandler
                0x08000464                TIM16_IRQHandler
                0x08000464                TIM3_IRQHandler
                0x08000464                EXTI4_15_IRQHandler
                0x08000464                RCC_IRQHandler
                0x08000464                DMA1_Channel1_IRQHandler
                0x08000464                Default_Handler
                0x08000464                CEC_IRQHandler
                0x08000464                TIM14_IRQHandler
                0x08000464                DMA1_Channel4_5_IRQHandler
                0x08000464                TIM15_IRQHandler
                0x08000464                EXTI0_1_IRQHandler
                0x08000464                SPI2_IRQHandler
                0x08000464                SVC_Handler
                0x08000464                TS_IRQHandler
                0x08000464                WWDG_IRQHandler
                0x08000464                DMA1_Channel2_3_IRQHandler
                0x08000464                USART2_IRQHandler
                0x08000464                FLASH_IRQHandler
                0x08000464                USART1_IRQHandler
                0x08000464                TIM1_BRK_UP_TRG_COM_IRQHandler
 *fill*         0x08000466        0x2 
 .text.GPIOInit
                0x08000468       0xe8 ..\obj\gpio.o
                0x08000468                GPIOInit
 .text.DisplayInit
                0x08000550       0x50 ..\obj\display.o
                0x08000550                DisplayInit
 .text.Display  0x080005a0       0x28 ..\obj\display.o
                0x080005a0                Display
 .text.mainDisplay
                0x080005c8       0x44 ..\obj\display.o
                0x080005c8                mainDisplay
 .text.menu     0x0800060c       0x78 ..\obj\display.o
                0x0800060c                menu
 .text.itemMaxThreshold
                0x08000684       0x58 ..\obj\display.o
                0x08000684                itemMaxThreshold
 .text.itemMinThreshold
                0x080006dc       0x58 ..\obj\display.o
                0x080006dc                itemMinThreshold
 .text.itemBrightnessControl
                0x08000734       0x58 ..\obj\display.o
                0x08000734                itemBrightnessControl
 .text.quit     0x0800078c       0x5c ..\obj\display.o
                0x0800078c                quit
 .text.brightnessControl
                0x080007e8       0xf4 ..\obj\display.o
                0x080007e8                brightnessControl
 .text.dehighLighting
                0x080008dc       0xd8 ..\obj\display.o
                0x080008dc                dehighLighting
 .text.highLighting
                0x080009b4       0xac ..\obj\display.o
                0x080009b4                highLighting
 .text.setMinThreshold
                0x08000a60       0xfc ..\obj\display.o
                0x08000a60                setMinThreshold
 .text.setMaxThreshold
                0x08000b5c       0xf0 ..\obj\display.o
                0x08000b5c                setMaxThreshold
 .text.showInfoDeviceState
                0x08000c4c       0x34 ..\obj\display.o
                0x08000c4c                showInfoDeviceState
 .text.getInfoPressure
                0x08000c80       0x14 ..\obj\display.o
                0x08000c80                getInfoPressure
 .text.IconDraw
                0x08000c94       0x68 ..\obj\display.o
                0x08000c94                IconDraw
 .text.BatteryIconDraw
                0x08000cfc       0x6c ..\obj\display.o
                0x08000cfc                BatteryIconDraw
 .text.LcdInit  0x08000d68       0xec ..\obj\hd44780.o
                0x08000d68                LcdInit
 .text.LcdLedOn
                0x08000e54       0x24 ..\obj\hd44780.o
                0x08000e54                LcdLedOn
 .text.LcdLedOff
                0x08000e78       0x20 ..\obj\hd44780.o
                0x08000e78                LcdLedOff
 .text.LcdSendCommand
                0x08000e98       0x30 ..\obj\hd44780.o
                0x08000e98                LcdSendCommand
 .text.LcdSendData
                0x08000ec8       0x30 ..\obj\hd44780.o
                0x08000ec8                LcdSendData
 .text.LcdSendByte
                0x08000ef8      0x1d4 ..\obj\hd44780.o
                0x08000ef8                LcdSendByte
 .text.LcdDrawString
                0x080010cc       0x44 ..\obj\hd44780.o
                0x080010cc                LcdDrawString
 .text.LcdGoToPos
                0x08001110       0x68 ..\obj\hd44780.o
                0x08001110                LcdGoToPos
 .text.LcdClear
                0x08001178       0x20 ..\obj\hd44780.o
                0x08001178                LcdClear
 .text.LcdConvertIntDisplay
                0x08001198       0xa4 ..\obj\hd44780.o
                0x08001198                LcdConvertIntDisplay
 .text.LcdFillSpace
                0x0800123c       0x2c ..\obj\hd44780.o
                0x0800123c                LcdFillSpace
 .text.itoa     0x08001268       0xc8 ..\obj\hd44780.o
                0x08001268                itoa
 .text.SystemInit1
                0x08001330       0x8c ..\obj\system_stm32f0xx_temp.o
                0x08001330                SystemInit
                0x08001330                SystemInit1
 .text.SetSysClock1
                0x080013bc       0xe0 ..\obj\system_stm32f0xx_temp.o
                0x080013bc                SetSysClock
 .text.GPIO_Init
                0x0800149c      0x128 ..\obj\stm32f0xx_gpio.o
                0x0800149c                GPIO_Init
 .text.GPIO_ReadInputDataBit
                0x080015c4       0x48 ..\obj\stm32f0xx_gpio.o
                0x080015c4                GPIO_ReadInputDataBit
 .text.GPIO_SetBits
                0x0800160c       0x20 ..\obj\stm32f0xx_gpio.o
                0x0800160c                GPIO_SetBits
 .text.GPIO_ResetBits
                0x0800162c       0x20 ..\obj\stm32f0xx_gpio.o
                0x0800162c                GPIO_ResetBits
 .text.GPIO_PinAFConfig
                0x0800164c       0xa4 ..\obj\stm32f0xx_gpio.o
                0x0800164c                GPIO_PinAFConfig
 .text.TIM_TimeBaseInit
                0x080016f0       0xf0 ..\obj\stm32f0xx_tim.o
                0x080016f0                TIM_TimeBaseInit
 .text.TIM_Cmd  0x080017e0       0x40 ..\obj\stm32f0xx_tim.o
                0x080017e0                TIM_Cmd
 .text.TIM_CtrlPWMOutputs
                0x08001820       0x4c ..\obj\stm32f0xx_tim.o
                0x08001820                TIM_CtrlPWMOutputs
 .text.TIM_OC1Init
                0x0800186c      0x1a4 ..\obj\stm32f0xx_tim.o
                0x0800186c                TIM_OC1Init
 .text.TIM_ITConfig
                0x08001a10       0x54 ..\obj\stm32f0xx_tim.o
                0x08001a10                TIM_ITConfig
 .text.TIM_GetITStatus
                0x08001a64       0x80 ..\obj\stm32f0xx_tim.o
                0x08001a64                TIM_GetITStatus
 .text.TIM_ClearITPendingBit
                0x08001ae4       0x24 ..\obj\stm32f0xx_tim.o
                0x08001ae4                TIM_ClearITPendingBit
 .text.button   0x08001b08       0x54 ..\obj\buttons.o
                0x08001b08                button
 .text.buttonUser
                0x08001b5c       0x94 ..\obj\buttons.o
                0x08001b5c                buttonUser
 .text.NVIC_Init
                0x08001bf0       0xac ..\obj\stm32f0xx_misc.o
                0x08001bf0                NVIC_Init
 .text          0x08001c9c      0x114 c:/program files (x86)/gnu tools arm embedded/5.4 2016q3/bin/../lib/gcc/arm-none-eabi/5.4.1/armv6-m\libgcc.a(_udivsi3.o)
                0x08001c9c                __aeabi_uidiv
                0x08001c9c                __udivsi3
                0x08001da8                __aeabi_uidivmod
 .text          0x08001db0      0x1d4 c:/program files (x86)/gnu tools arm embedded/5.4 2016q3/bin/../lib/gcc/arm-none-eabi/5.4.1/armv6-m\libgcc.a(_divsi3.o)
                0x08001db0                __divsi3
                0x08001db0                __aeabi_idiv
                0x08001f7c                __aeabi_idivmod
 .text          0x08001f84        0x4 c:/program files (x86)/gnu tools arm embedded/5.4 2016q3/bin/../lib/gcc/arm-none-eabi/5.4.1/armv6-m\libgcc.a(_dvmd_tls.o)
                0x08001f84                __aeabi_idiv0
                0x08001f84                __aeabi_ldiv0
 .text.memcpy   0x08001f88       0x7c c:/program files (x86)/gnu tools arm embedded/5.4 2016q3/bin/../lib/gcc/arm-none-eabi/5.4.1/../../../../arm-none-eabi/lib/armv6-m\libg.a(lib_a-memcpy-stub.o)
                0x08001f88                memcpy
 *(.init)
 *(.fini)
 *crtbegin.o(.ctors)
 *crtbegin?.o(.ctors)
 *(EXCLUDE_FILE(*crtend.o *crtend?.o) .ctors)
 *(SORT(.ctors.*))
 *(.ctors)
 *crtbegin.o(.dtors)
 *crtbegin?.o(.dtors)
 *(EXCLUDE_FILE(*crtend.o *crtend?.o) .dtors)
 *(SORT(.dtors.*))
 *(.dtors)
 *(.rodata*)
 .rodata        0x08002004       0xc8 ..\obj\display.o
 .rodata        0x080020cc        0xc ..\obj\hd44780.o
 *(.eh_fram e*)

.glue_7         0x080020d8        0x0
 .glue_7        0x080020d8        0x0 linker stubs

.glue_7t        0x080020d8        0x0
 .glue_7t       0x080020d8        0x0 linker stubs

.vfp11_veneer   0x080020d8        0x0
 .vfp11_veneer  0x080020d8        0x0 linker stubs

.v4_bx          0x080020d8        0x0
 .v4_bx         0x080020d8        0x0 linker stubs

.iplt           0x080020d8        0x0
 .iplt          0x080020d8        0x0 ..\obj\calc.o

.rel.dyn        0x080020d8        0x0
 .rel.iplt      0x080020d8        0x0 ..\obj\calc.o

.ARM.extab
 *(.ARM.extab* .gnu.linkonce.armextab.*)
                0x080020d8                __exidx_start = .

.ARM.exidx
 *(.ARM.exidx* .gnu.linkonce.armexidx.*)
                0x080020d8                __exidx_end = .
                0x080020d8                __etext = .
                0x080020d8                _sidata = __etext

.data           0x20000000       0x54 load address 0x080020d8
                0x20000000                __data_start__ = .
                0x20000000                _sdata = __data_start__
 *(vtable)
 *(.data*)
 .data          0x20000000        0x1 ..\obj\timer.o
                0x20000000                lcdBrightness
 *fill*         0x20000001        0x3 
 .data          0x20000004       0x3a ..\obj\display.o
                0x20000004                batEmpty
                0x2000000c                bat10
                0x20000014                bat30
                0x2000001c                bat50
                0x20000024                bat70
                0x2000002c                bat95
                0x20000034                batFull
                0x2000003c                currentDeviceState
                0x2000003d                maxThreshold
 *fill*         0x2000003e        0x2 
 .data          0x20000040       0x14 ..\obj\system_stm32f0xx_temp.o
                0x20000040                SystemCoreClock
                0x20000044                AHBPrescTable
                0x20000054                . = ALIGN (0x4)
                [!provide]                PROVIDE (__preinit_array_start, .)
 *(.preinit_array)
                [!provide]                PROVIDE (__preinit_array_end, .)
                0x20000054                . = ALIGN (0x4)
                [!provide]                PROVIDE (__init_array_start, .)
 *(SORT(.init_array.*))
 *(.init_array)
                [!provide]                PROVIDE (__init_array_end, .)
                0x20000054                . = ALIGN (0x4)
                [!provide]                PROVIDE (__fini_array_start, .)
 *(SORT(.fini_array.*))
 *(.fini_array)
                [!provide]                PROVIDE (__fini_array_end, .)
 *(.jcr*)
                0x20000054                . = ALIGN (0x4)
                0x20000054                __data_end__ = .
                0x20000054                _edata = __data_end__

.igot.plt       0x20000054        0x0 load address 0x0800212c
 .igot.plt      0x20000054        0x0 ..\obj\calc.o

.bss            0x20000054       0x34 load address 0x0800212c
                0x20000054                . = ALIGN (0x4)
                0x20000054                __bss_start__ = .
                0x20000054                _sbss = __bss_start__
 *(.bss*)
 .bss           0x20000054        0x6 ..\obj\timer.o
                0x20000054                TimerPeriod
                0x20000056                PrescalerValue
                0x20000058                Channel1Pulse
 .bss           0x2000005a        0x2 ..\obj\display.o
                0x2000005a                currentPressure
                0x2000005b                minThreshold
 .bss           0x2000005c        0x1 ..\obj\hd44780.o
 *(COMMON)
 *fill*         0x2000005d        0x3 
 COMMON         0x20000060       0x23 ..\obj\timer.o
                0x20000060                TIM_TimeBaseStructure
                0x2000006c                TIM_OCInitStructure
                0x20000080                NVIC_InitStructure
 COMMON         0x20000083        0x4 ..\obj\buttons.o
                0x20000083                lastButtonPlusState
                0x20000084                lastState
                0x20000085                ledState
                0x20000086                lastButtonUSERState
                0x20000088                . = ALIGN (0x4)
 *fill*         0x20000087        0x1 
                0x20000088                __bss_end__ = .
                0x20000088                _ebss = __bss_end__

.heap           0x20000088        0x0
                0x20000088                __end__ = .
                0x20000088                _end = __end__
                0x20000088                end = __end__
 *(.heap*)
                0x20000088                __HeapLimit = .

.co_stack       0x20000088        0x0
                0x20000088                . = ALIGN (0x8)
 *(.co_stack .co_stack.*)
                0x20002000                __StackTop = (ORIGIN (ram) + LENGTH (ram))
                0x20002000                __StackLimit = (__StackTop - SIZEOF (.co_stack))
                [!provide]                PROVIDE (__stack, __StackTop)
                0x00000001                ASSERT ((__StackLimit >= __HeapLimit), region ram  overflowed with stack)
LOAD ..\obj\calc.o
LOAD ..\obj\stm32f0xx_rcc.o
LOAD ..\obj\timer.o
LOAD ..\obj\utility.o
LOAD ..\obj\stm32f0xx_adc.o
LOAD ..\obj\main.o
LOAD ..\obj\startup_stm32f0xx.o
LOAD ..\obj\gpio.o
LOAD ..\obj\display.o
LOAD ..\obj\hd44780.o
LOAD ..\obj\system_stm32f0xx_temp.o
LOAD ..\obj\stm32f0xx_gpio.o
LOAD ..\obj\adc.o
LOAD ..\obj\stm32f0xx_tim.o
LOAD ..\obj\status.o
LOAD ..\obj\buttons.o
LOAD ..\obj\stm32f0xx_misc.o
START GROUP
LOAD c:/program files (x86)/gnu tools arm embedded/5.4 2016q3/bin/../lib/gcc/arm-none-eabi/5.4.1/armv6-m\libgcc.a
LOAD c:/program files (x86)/gnu tools arm embedded/5.4 2016q3/bin/../lib/gcc/arm-none-eabi/5.4.1/../../../../arm-none-eabi/lib/armv6-m\libg.a
LOAD c:/program files (x86)/gnu tools arm embedded/5.4 2016q3/bin/../lib/gcc/arm-none-eabi/5.4.1/../../../../arm-none-eabi/lib/armv6-m\libc.a
END GROUP
OUTPUT(pressureMeterR8T6.elf elf32-littlearm)

.debug_info     0x00000000     0x4f57
 .debug_info    0x00000000      0x9b0 ..\obj\stm32f0xx_rcc.o
 .debug_info    0x000009b0      0x5c2 ..\obj\timer.o
 .debug_info    0x00000f72      0x2f4 ..\obj\utility.o
 .debug_info    0x00001266      0x2cd ..\obj\main.o
 .debug_info    0x00001533       0xab ..\obj\startup_stm32f0xx.o
 .debug_info    0x000015de      0x2ce ..\obj\gpio.o
 .debug_info    0x000018ac      0x3b8 ..\obj\display.o
 .debug_info    0x00001c64      0x7af ..\obj\hd44780.o
 .debug_info    0x00002413      0x2fd ..\obj\system_stm32f0xx_temp.o
 .debug_info    0x00002710      0x5e7 ..\obj\stm32f0xx_gpio.o
 .debug_info    0x00002cf7     0x1c6f ..\obj\stm32f0xx_tim.o
 .debug_info    0x00004966      0x283 ..\obj\buttons.o
 .debug_info    0x00004be9      0x36e ..\obj\stm32f0xx_misc.o

.debug_abbrev   0x00000000      0xfc1
 .debug_abbrev  0x00000000      0x1ee ..\obj\stm32f0xx_rcc.o
 .debug_abbrev  0x000001ee      0x14c ..\obj\timer.o
 .debug_abbrev  0x0000033a       0xcd ..\obj\utility.o
 .debug_abbrev  0x00000407       0xc7 ..\obj\main.o
 .debug_abbrev  0x000004ce       0x12 ..\obj\startup_stm32f0xx.o
 .debug_abbrev  0x000004e0       0xf0 ..\obj\gpio.o
 .debug_abbrev  0x000005d0      0x18d ..\obj\display.o
 .debug_abbrev  0x0000075d      0x192 ..\obj\hd44780.o
 .debug_abbrev  0x000008ef      0x136 ..\obj\system_stm32f0xx_temp.o
 .debug_abbrev  0x00000a25      0x19f ..\obj\stm32f0xx_gpio.o
 .debug_abbrev  0x00000bc4      0x1b7 ..\obj\stm32f0xx_tim.o
 .debug_abbrev  0x00000d7b      0x101 ..\obj\buttons.o
 .debug_abbrev  0x00000e7c      0x145 ..\obj\stm32f0xx_misc.o

.debug_aranges  0x00000000      0x790
 .debug_aranges
                0x00000000      0x150 ..\obj\stm32f0xx_rcc.o
 .debug_aranges
                0x00000150       0x48 ..\obj\timer.o
 .debug_aranges
                0x00000198       0x48 ..\obj\utility.o
 .debug_aranges
                0x000001e0       0x28 ..\obj\main.o
 .debug_aranges
                0x00000208       0x28 ..\obj\startup_stm32f0xx.o
 .debug_aranges
                0x00000230       0x20 ..\obj\gpio.o
 .debug_aranges
                0x00000250       0xb0 ..\obj\display.o
 .debug_aranges
                0x00000300       0x88 ..\obj\hd44780.o
 .debug_aranges
                0x00000388       0x30 ..\obj\system_stm32f0xx_temp.o
 .debug_aranges
                0x000003b8       0x80 ..\obj\stm32f0xx_gpio.o
 .debug_aranges
                0x00000438      0x300 ..\obj\stm32f0xx_tim.o
 .debug_aranges
                0x00000738       0x28 ..\obj\buttons.o
 .debug_aranges
                0x00000760       0x30 ..\obj\stm32f0xx_misc.o

.debug_ranges   0x00000000      0x6c8
 .debug_ranges  0x00000000      0x140 ..\obj\stm32f0xx_rcc.o
 .debug_ranges  0x00000140       0x38 ..\obj\timer.o
 .debug_ranges  0x00000178       0x38 ..\obj\utility.o
 .debug_ranges  0x000001b0       0x18 ..\obj\main.o
 .debug_ranges  0x000001c8       0x20 ..\obj\startup_stm32f0xx.o
 .debug_ranges  0x000001e8       0x10 ..\obj\gpio.o
 .debug_ranges  0x000001f8       0xa0 ..\obj\display.o
 .debug_ranges  0x00000298       0x78 ..\obj\hd44780.o
 .debug_ranges  0x00000310       0x20 ..\obj\system_stm32f0xx_temp.o
 .debug_ranges  0x00000330       0x70 ..\obj\stm32f0xx_gpio.o
 .debug_ranges  0x000003a0      0x2f0 ..\obj\stm32f0xx_tim.o
 .debug_ranges  0x00000690       0x18 ..\obj\buttons.o
 .debug_ranges  0x000006a8       0x20 ..\obj\stm32f0xx_misc.o

.debug_line     0x00000000     0x2753
 .debug_line    0x00000000      0x525 ..\obj\stm32f0xx_rcc.o
 .debug_line    0x00000525      0x251 ..\obj\timer.o
 .debug_line    0x00000776      0x230 ..\obj\utility.o
 .debug_line    0x000009a6      0x180 ..\obj\main.o
 .debug_line    0x00000b26       0xaa ..\obj\startup_stm32f0xx.o
 .debug_line    0x00000bd0      0x1bc ..\obj\gpio.o
 .debug_line    0x00000d8c      0x34f ..\obj\display.o
 .debug_line    0x000010db      0x387 ..\obj\hd44780.o
 .debug_line    0x00001462      0x1c4 ..\obj\system_stm32f0xx_temp.o
 .debug_line    0x00001626      0x2f9 ..\obj\stm32f0xx_gpio.o
 .debug_line    0x0000191f      0xa68 ..\obj\stm32f0xx_tim.o
 .debug_line    0x00002387      0x1a1 ..\obj\buttons.o
 .debug_line    0x00002528      0x22b ..\obj\stm32f0xx_misc.o

.debug_str      0x00000000     0x1f02
 .debug_str     0x00000000      0x672 ..\obj\stm32f0xx_rcc.o
                                0x71a (size before relaxing)
 .debug_str     0x00000672      0x4e2 ..\obj\timer.o
                                0x649 (size before relaxing)
 .debug_str     0x00000b54       0xb4 ..\obj\utility.o
                                0x1f0 (size before relaxing)
 .debug_str     0x00000c08       0x3e ..\obj\main.o
                                0x256 (size before relaxing)
 .debug_str     0x00000c46      0x1b8 ..\obj\gpio.o
                                0x332 (size before relaxing)
 .debug_str     0x00000dfe      0x1d6 ..\obj\display.o
                                0x34c (size before relaxing)
 .debug_str     0x00000fd4      0x140 ..\obj\hd44780.o
                                0x525 (size before relaxing)
 .debug_str     0x00001114       0x99 ..\obj\system_stm32f0xx_temp.o
                                0x291 (size before relaxing)
 .debug_str     0x000011ad      0x18a ..\obj\stm32f0xx_gpio.o
                                0x481 (size before relaxing)
 .debug_str     0x00001337      0xa1f ..\obj\stm32f0xx_tim.o
                                0xdd3 (size before relaxing)
 .debug_str     0x00001d56       0x96 ..\obj\buttons.o
                                0x26e (size before relaxing)
 .debug_str     0x00001dec      0x116 ..\obj\stm32f0xx_misc.o
                                0x2eb (size before relaxing)

.comment        0x00000000       0x6e
 .comment       0x00000000       0x6e ..\obj\stm32f0xx_rcc.o
                                 0x6f (size before relaxing)
 .comment       0x0000006e       0x6f ..\obj\timer.o
 .comment       0x0000006e       0x6f ..\obj\utility.o
 .comment       0x0000006e       0x6f ..\obj\main.o
 .comment       0x0000006e       0x6f ..\obj\gpio.o
 .comment       0x0000006e       0x6f ..\obj\display.o
 .comment       0x0000006e       0x6f ..\obj\hd44780.o
 .comment       0x0000006e       0x6f ..\obj\system_stm32f0xx_temp.o
 .comment       0x0000006e       0x6f ..\obj\stm32f0xx_gpio.o
 .comment       0x0000006e       0x6f ..\obj\stm32f0xx_tim.o
 .comment       0x0000006e       0x6f ..\obj\buttons.o
 .comment       0x0000006e       0x6f ..\obj\stm32f0xx_misc.o

.ARM.attributes
                0x00000000       0x2f
 .ARM.attributes
                0x00000000       0x31 ..\obj\stm32f0xx_rcc.o
 .ARM.attributes
                0x00000031       0x31 ..\obj\timer.o
 .ARM.attributes
                0x00000062       0x31 ..\obj\utility.o
 .ARM.attributes
                0x00000093       0x31 ..\obj\main.o
 .ARM.attributes
                0x000000c4       0x21 ..\obj\startup_stm32f0xx.o
 .ARM.attributes
                0x000000e5       0x31 ..\obj\gpio.o
 .ARM.attributes
                0x00000116       0x31 ..\obj\display.o
 .ARM.attributes
                0x00000147       0x31 ..\obj\hd44780.o
 .ARM.attributes
                0x00000178       0x31 ..\obj\system_stm32f0xx_temp.o
 .ARM.attributes
                0x000001a9       0x31 ..\obj\stm32f0xx_gpio.o
 .ARM.attributes
                0x000001da       0x31 ..\obj\stm32f0xx_tim.o
 .ARM.attributes
                0x0000020b       0x31 ..\obj\buttons.o
 .ARM.attributes
                0x0000023c       0x31 ..\obj\stm32f0xx_misc.o
 .ARM.attributes
                0x0000026d       0x1e c:/program files (x86)/gnu tools arm embedded/5.4 2016q3/bin/../lib/gcc/arm-none-eabi/5.4.1/armv6-m\libgcc.a(_udivsi3.o)
 .ARM.attributes
                0x0000028b       0x1e c:/program files (x86)/gnu tools arm embedded/5.4 2016q3/bin/../lib/gcc/arm-none-eabi/5.4.1/armv6-m\libgcc.a(_divsi3.o)
 .ARM.attributes
                0x000002a9       0x1e c:/program files (x86)/gnu tools arm embedded/5.4 2016q3/bin/../lib/gcc/arm-none-eabi/5.4.1/armv6-m\libgcc.a(_dvmd_tls.o)
 .ARM.attributes
                0x000002c7       0x2c c:/program files (x86)/gnu tools arm embedded/5.4 2016q3/bin/../lib/gcc/arm-none-eabi/5.4.1/../../../../arm-none-eabi/lib/armv6-m\libg.a(lib_a-memcpy-stub.o)

.debug_frame    0x00000000     0x19dc
 .debug_frame   0x00000000      0x4e4 ..\obj\stm32f0xx_rcc.o
 .debug_frame   0x000004e4       0xc0 ..\obj\timer.o
 .debug_frame   0x000005a4       0xd0 ..\obj\utility.o
 .debug_frame   0x00000674       0x48 ..\obj\main.o
 .debug_frame   0x000006bc       0x30 ..\obj\gpio.o
 .debug_frame   0x000006ec      0x238 ..\obj\display.o
 .debug_frame   0x00000924      0x1c0 ..\obj\hd44780.o
 .debug_frame   0x00000ae4       0x6c ..\obj\system_stm32f0xx_temp.o
 .debug_frame   0x00000b50      0x1b0 ..\obj\stm32f0xx_gpio.o
 .debug_frame   0x00000d00      0xbb0 ..\obj\stm32f0xx_tim.o
 .debug_frame   0x000018b0       0x50 ..\obj\buttons.o
 .debug_frame   0x00001900       0x70 ..\obj\stm32f0xx_misc.o
 .debug_frame   0x00001970       0x20 c:/program files (x86)/gnu tools arm embedded/5.4 2016q3/bin/../lib/gcc/arm-none-eabi/5.4.1/armv6-m\libgcc.a(_udivsi3.o)
 .debug_frame   0x00001990       0x20 c:/program files (x86)/gnu tools arm embedded/5.4 2016q3/bin/../lib/gcc/arm-none-eabi/5.4.1/armv6-m\libgcc.a(_divsi3.o)
 .debug_frame   0x000019b0       0x2c c:/program files (x86)/gnu tools arm embedded/5.4 2016q3/bin/../lib/gcc/arm-none-eabi/5.4.1/../../../../arm-none-eabi/lib/armv6-m\libg.a(lib_a-memcpy-stub.o)
